[2026-04-12 14:43:15.628] [803] [HailoRT] [info] [vdevice.cpp:523] [create] Creating vdevice with params: device_count: 1, scheduling_algorithm: NONE, multi_process_service: false
[2026-04-12 14:43:15.667] [803] [HailoRT] [info] [device.cpp:49] [Device] OS Version: Linux 6.12.47+rpt-rpi-2712 #1 SMP PREEMPT Debian 1:6.12.47-1+rpt1~bookworm (2025-09-16) aarch64
[2026-04-12 14:43:15.669] [803] [HailoRT] [info] [control.cpp:108] [control__parse_identify_results] firmware_version is: 4.20.0
[2026-04-12 14:43:15.669] [803] [HailoRT] [info] [vdevice.cpp:651] [create] VDevice Infos: 0001:01:00.0
[2026-04-12 14:43:15.707] [803] [HailoRT] [info] [internal_buffer_manager.cpp:204] [print_execution_results] Planned internal buffer memory: CMA memory 0, user memory 925696. memory to edge layer usage factor is 1
[2026-04-12 14:43:15.707] [803] [HailoRT] [info] [internal_buffer_manager.cpp:212] [print_execution_results] Default Internal buffer planner executed successfully
[2026-04-12 14:43:15.731] [803] [HailoRT] [info] [device_internal.cpp:57] [configure] Configuring HEF took 61.607982 milliseconds
[2026-04-12 14:43:15.732] [803] [HailoRT] [info] [vdevice.cpp:749] [configure] Configuring HEF on VDevice took 62.384963 milliseconds
[2026-04-12 14:43:15.732] [803] [HailoRT] [info] [hef.cpp:1929] [get_network_group_and_network_name] No name was given. Addressing all networks of default network_group: yolov8n
[2026-04-12 14:43:15.744] [803] [HailoRT] [info] [edge_elements.cpp:52] [create] Created (HwWriteEl10yolov8n/input_layer1 | hw_frame_size: 1228800)
[2026-04-12 14:43:15.750] [803] [HailoRT] [info] [queue_elements.cpp:284] [create] Created (PushQEl10yolov8n/input_layer1 | timeout: 10s)
[2026-04-12 14:43:15.750] [803] [HailoRT] [info] [filter_elements.cpp:101] [create] Created (PreInferEl10yolov8n/input_layer1 | Reorder - src_order: NHWC, src_shape: (640, 640, 3), dst_order: NHCW, dst_shape: (640, 640, 3))
[2026-04-12 14:43:15.750] [803] [HailoRT] [info] [vstream.cpp:754] [InputVStreamImpl] Creating yolov8n/input_layer1...
[2026-04-12 14:43:15.750] [803] [HailoRT] [info] [vstream_builder.cpp:102] [create_inputs] Input pipeline 'yolov8n/input_layer1': (PreInferEl10yolov8n/input_layer1 | Reorder - src_order: NHWC, src_shape: (640, 640, 3), dst_order: NHCW, dst_shape: (640, 640, 3)) >> (PushQEl10yolov8n/input_layer1 | timeout: 10s) >> (HwWriteEl10yolov8n/input_layer1 | hw_frame_size: 1228800) >> HW
[2026-04-12 14:43:15.750] [803] [HailoRT] [info] [multi_io_elements.cpp:135] [create] Created (NmsPPMuxEl0YOLOV8-Post-Process | Op YOLOV8, Name: YOLOV8-Post-Process, Score threshold: 0.200, IoU threshold: 0.70, Classes: 80, Cross classes: false, NMS results order: BY_CLASS, Max bboxes per class: 100, Image height: 640, Image width: 640)
[2026-04-12 14:43:15.750] [803] [HailoRT] [info] [edge_elements.cpp:287] [create] Created (HwReadEl2yolov8n/conv41_97 | hw_frame_size: 409600)
[2026-04-12 14:43:15.750] [803] [HailoRT] [info] [queue_elements.cpp:657] [create] Created (PullQEl_nms2yolov8n/conv41_97 | timeout: 10s)
[2026-04-12 14:43:15.750] [803] [HailoRT] [info] [edge_elements.cpp:287] [create] Created (HwReadEl1yolov8n/conv42_97 | hw_frame_size: 512000)
[2026-04-12 14:43:15.750] [803] [HailoRT] [info] [queue_elements.cpp:657] [create] Created (PullQEl_nms1yolov8n/conv42_97 | timeout: 10s)
[2026-04-12 14:43:15.750] [803] [HailoRT] [info] [edge_elements.cpp:287] [create] Created (HwReadEl3yolov8n/conv52_97 | hw_frame_size: 102400)
[2026-04-12 14:43:15.750] [803] [HailoRT] [info] [queue_elements.cpp:657] [create] Created (PullQEl_nms3yolov8n/conv52_97 | timeout: 10s)
[2026-04-12 14:43:15.750] [803] [HailoRT] [info] [edge_elements.cpp:287] [create] Created (HwReadEl0yolov8n/conv53_97 | hw_frame_size: 128000)
[2026-04-12 14:43:15.750] [803] [HailoRT] [info] [queue_elements.cpp:657] [create] Created (PullQEl_nms0yolov8n/conv53_97 | timeout: 10s)
[2026-04-12 14:43:15.750] [803] [HailoRT] [info] [edge_elements.cpp:287] [create] Created (HwReadEl1yolov8n/conv62_97 | hw_frame_size: 30720)
[2026-04-12 14:43:15.758] [803] [HailoRT] [info] [queue_elements.cpp:657] [create] Created (PullQEl_nms1yolov8n/conv62_97 | timeout: 10s)
[2026-04-12 14:43:15.758] [803] [HailoRT] [info] [edge_elements.cpp:287] [create] Created (HwReadEl0yolov8n/conv63_97 | hw_frame_size: 38400)
[2026-04-12 14:43:15.758] [803] [HailoRT] [info] [queue_elements.cpp:657] [create] Created (PullQEl_nms0yolov8n/conv63_97 | timeout: 10s)
[2026-04-12 14:43:15.758] [803] [HailoRT] [info] [queue_elements.cpp:800] [create] Created (UserBufQEl_post_infer0yolov8n/yolov8_nms_postprocess | timeout: 10s)
[2026-04-12 14:43:15.758] [803] [HailoRT] [info] [vstream.cpp:1114] [OutputVStreamImpl] Creating yolov8n/yolov8_nms_postprocess...
[2026-04-12 14:43:15.758] [803] [HailoRT] [info] [vstream_builder.cpp:622] [create_output_post_process_nms] Output pipeline 'yolov8n/yolov8_nms_postprocess': HW >> (HwReadEl2yolov8n/conv41_97 | hw_frame_size: 409600) >> (PullQEl_nms2yolov8n/conv41_97) >> (HwReadEl1yolov8n/conv42_97 | hw_frame_size: 512000) >> (PullQEl_nms1yolov8n/conv42_97) >> (HwReadEl3yolov8n/conv52_97 | hw_frame_size: 102400) >> (PullQEl_nms3yolov8n/conv52_97) >> (HwReadEl0yolov8n/conv53_97 | hw_frame_size: 128000) >> (PullQEl_nms0yolov8n/conv53_97) >> (HwReadEl1yolov8n/conv62_97 | hw_frame_size: 30720) >> (PullQEl_nms1yolov8n/conv62_97) >> (HwReadEl0yolov8n/conv63_97 | hw_frame_size: 38400) >> (PullQEl_nms0yolov8n/conv63_97) >> (NmsPPMuxEl0YOLOV8-Post-Process | Op YOLOV8, Name: YOLOV8-Post-Process, Score threshold: 0.200, IoU threshold: 0.70, Classes: 80, Cross classes: false, NMS results order: BY_CLASS, Max bboxes per class: 100, Image height: 640, Image width: 640) >> (UserBufQEl_post_infer0yolov8n/yolov8_nms_postprocess | timeout: 10s)
[2026-04-12 14:43:15.759] [803] [HailoRT] [info] [core_op.cpp:156] [activate] Activating yolov8n took 0.458537 milliseconds. Note that the function is asynchronous and thus the network is not fully activated yet.
[2026-04-12 14:43:15.759] [803] [HailoRT] [info] [core_op.cpp:156] [activate] Activating yolov8n took 0.467408 milliseconds. Note that the function is asynchronous and thus the network is not fully activated yet.
